error: writing a literal with an empty format string
  --> $DIR/write_literal.rs:17:32
   |
17 |     write!(&mut v, "Hello {}", "world");
   |                                ^^^^^^^
   |
   = note: `-D write-literal` implied by `-D warnings`

error: writing a literal with an empty format string
  --> $DIR/write_literal.rs:18:44
   |
18 |     writeln!(&mut v, "Hello {} {}", world, "world");
   |                                            ^^^^^^^

error: writing a literal with an empty format string
  --> $DIR/write_literal.rs:19:34
   |
19 |     writeln!(&mut v, "Hello {}", "world");
   |                                  ^^^^^^^

error: writing a literal with an empty format string
  --> $DIR/write_literal.rs:20:38
   |
20 |     writeln!(&mut v, "10 / 4 is {}", 2.5);
   |                                      ^^^

error: writing a literal with an empty format string
  --> $DIR/write_literal.rs:21:36
   |
21 |     writeln!(&mut v, "2 + 1 = {}", 3);
   |                                    ^

error: aborting due to 5 previous errors

